Autotrace Enabled
Shows the execution plan as well as statistics of the statement.
SQL> -- Porušení triviálních integritiních omezení tabulky UCITEL
SQL> INSERT INTO UCITEL (ID, JMENO, PRIJMENI, TELEFON, FAKULTA, TITULPRED, TITULZA) VALUES (1, 'John', 'Brown', 355370637, 'jm3l7K', NULL, NULL);

Error starting at line : 4 in command -
INSERT INTO UCITEL (ID, JMENO, PRIJMENI, TELEFON, FAKULTA, TITULPRED, TITULZA) VALUES (1, 'John', 'Brown', 355370637, 'jm3l7K', NULL, NULL)
Error report -
ORA-00001: nesplnìna podmínka jedineènosti (DOHALAMDA1.UCITEL_PK)

SQL> INSERT INTO UCITEL (ID, JMENO, PRIJMENI, TELEFON, FAKULTA, TITULPRED, TITULZA) VALUES (UCITEL_id_SEQ. nextval, NULL, 'Brown', 355370637, 'jm3l7K', NULL, NULL);

Error starting at line : 5 in command -
INSERT INTO UCITEL (ID, JMENO, PRIJMENI, TELEFON, FAKULTA, TITULPRED, TITULZA) VALUES (UCITEL_id_SEQ. nextval, NULL, 'Brown', 355370637, 'jm3l7K', NULL, NULL)
Error report -
ORA-01400: do ("DOHALAMDA1"."UCITEL"."JMENO") nelze vložit hodnotu NULL

SQL> INSERT INTO UCITEL (ID, JMENO, PRIJMENI, TELEFON, FAKULTA, TITULPRED, TITULZA) VALUES (UCITEL_id_SEQ. nextval, 'John', NULL, 355370637, 'jm3l7K', NULL, NULL);

Error starting at line : 6 in command -
INSERT INTO UCITEL (ID, JMENO, PRIJMENI, TELEFON, FAKULTA, TITULPRED, TITULZA) VALUES (UCITEL_id_SEQ. nextval, 'John', NULL, 355370637, 'jm3l7K', NULL, NULL)
Error report -
ORA-01400: do ("DOHALAMDA1"."UCITEL"."PRIJMENI") nelze vložit hodnotu NULL

SQL> INSERT INTO UCITEL (ID, JMENO, PRIJMENI, TELEFON, FAKULTA, TITULPRED, TITULZA) VALUES (UCITEL_id_SEQ. nextval, 'John', 'Brown', NULL, 'jm3l7K', NULL, NULL);

Error starting at line : 7 in command -
INSERT INTO UCITEL (ID, JMENO, PRIJMENI, TELEFON, FAKULTA, TITULPRED, TITULZA) VALUES (UCITEL_id_SEQ. nextval, 'John', 'Brown', NULL, 'jm3l7K', NULL, NULL)
Error report -
ORA-01400: do ("DOHALAMDA1"."UCITEL"."TELEFON") nelze vložit hodnotu NULL

SQL> INSERT INTO UCITEL (ID, JMENO, PRIJMENI, TELEFON, FAKULTA, TITULPRED, TITULZA) VALUES (UCITEL_id_SEQ. nextval, 'John', 'Brown', 355370637, NULL, NULL, NULL);

Error starting at line : 8 in command -
INSERT INTO UCITEL (ID, JMENO, PRIJMENI, TELEFON, FAKULTA, TITULPRED, TITULZA) VALUES (UCITEL_id_SEQ. nextval, 'John', 'Brown', 355370637, NULL, NULL, NULL)
Error report -
ORA-01400: do ("DOHALAMDA1"."UCITEL"."FAKULTA") nelze vložit hodnotu NULL

SQL> 
SQL> -- Porušení triviálních integritiních omezení tabulky KATEGORIE
SQL> INSERT INTO KATEGORIE (ID, DRUH, SEMESTR) VALUES (1, '8p6VAAGrY2nO5Kf4iK', 'Zimní');

Error starting at line : 11 in command -
INSERT INTO KATEGORIE (ID, DRUH, SEMESTR) VALUES (1, '8p6VAAGrY2nO5Kf4iK', 'Zimní')
Error report -
ORA-00001: nesplnìna podmínka jedineènosti (DOHALAMDA1.KATEGORIE_PK)

SQL> INSERT INTO KATEGORIE (ID, DRUH, SEMESTR) VALUES (KATEGORIE_id_SEQ.nextval, NULL, 'Letní');

Error starting at line : 12 in command -
INSERT INTO KATEGORIE (ID, DRUH, SEMESTR) VALUES (KATEGORIE_id_SEQ.nextval, NULL, 'Letní')
Error report -
ORA-01400: do ("DOHALAMDA1"."KATEGORIE"."DRUH") nelze vložit hodnotu NULL

SQL> INSERT INTO KATEGORIE (ID, DRUH, SEMESTR) VALUES (KATEGORIE_id_SEQ.nextval, 'v4KJuqpsr5P8', NULL);

Error starting at line : 13 in command -
INSERT INTO KATEGORIE (ID, DRUH, SEMESTR) VALUES (KATEGORIE_id_SEQ.nextval, 'v4KJuqpsr5P8', NULL)
Error report -
ORA-01400: do ("DOHALAMDA1"."KATEGORIE"."SEMESTR") nelze vložit hodnotu NULL

SQL> INSERT INTO KATEGORIE (ID, DRUH, SEMESTR) VALUES (KATEGORIE_id_SEQ.nextval, 'GUgk0sulIEDAbUtV5kM', 'Jarní');

Error starting at line : 14 in command -
INSERT INTO KATEGORIE (ID, DRUH, SEMESTR) VALUES (KATEGORIE_id_SEQ.nextval, 'GUgk0sulIEDAbUtV5kM', 'Jarní')
Error report -
ORA-02290: kontrolní omezení (DOHALAMDA1.SYS_C00604286) porušeno

SQL> 
SQL> -- Porušení triviálních integritiních omezení tabulky ROZVRHOVA_AKCE
SQL> INSERT INTO ROZVRHOVA_AKCE (ID, CAS, DATUM, POCETHODIN, UCITEL_ID, KATEGORIE_ID, PREDMET_ID, POCETSTUDENTU) VALUES (1, TO_TIMESTAMP('8:15:46', 'HH24:MI:SS'), TO_DATE('10.2.21', 'DD.MM.YY'), 2, 101 , 111, 22, 12);

Error starting at line : 17 in command -
INSERT INTO ROZVRHOVA_AKCE (ID, CAS, DATUM, POCETHODIN, UCITEL_ID, KATEGORIE_ID, PREDMET_ID, POCETSTUDENTU) VALUES (1, TO_TIMESTAMP('8:15:46', 'HH24:MI:SS'), TO_DATE('10.2.21', 'DD.MM.YY'), 2, 101 , 111, 22, 12)
Error report -
ORA-00001: nesplnìna podmínka jedineènosti (DOHALAMDA1.ROZVRHOVA_AKCE_PK)

SQL> INSERT INTO ROZVRHOVA_AKCE (ID, CAS, DATUM, POCETHODIN, UCITEL_ID, KATEGORIE_ID, PREDMET_ID, POCETSTUDENTU) VALUES (ROZVRHOVA_AKCE_id_SEQ.nextval, NULL, TO_DATE('7.9.21', 'DD.MM.YY'), 2, 184 , 169, 15, 11);

Error starting at line : 18 in command -
INSERT INTO ROZVRHOVA_AKCE (ID, CAS, DATUM, POCETHODIN, UCITEL_ID, KATEGORIE_ID, PREDMET_ID, POCETSTUDENTU) VALUES (ROZVRHOVA_AKCE_id_SEQ.nextval, NULL, TO_DATE('7.9.21', 'DD.MM.YY'), 2, 184 , 169, 15, 11)
Error report -
ORA-01400: do ("DOHALAMDA1"."ROZVRHOVA_AKCE"."CAS") nelze vložit hodnotu NULL

SQL> INSERT INTO ROZVRHOVA_AKCE (ID, CAS, DATUM, POCETHODIN, UCITEL_ID, KATEGORIE_ID, PREDMET_ID, POCETSTUDENTU) VALUES (ROZVRHOVA_AKCE_id_SEQ.nextval, TO_TIMESTAMP('1:44:11', 'HH24:MI:SS'), TO_DATE('15.7.21', 'DD.MM.YY'), 1, 55 , 79, 37, 29);

Error starting at line : 19 in command -
INSERT INTO ROZVRHOVA_AKCE (ID, CAS, DATUM, POCETHODIN, UCITEL_ID, KATEGORIE_ID, PREDMET_ID, POCETSTUDENTU) VALUES (ROZVRHOVA_AKCE_id_SEQ.nextval, TO_TIMESTAMP('1:44:11', 'HH24:MI:SS'), TO_DATE('15.7.21', 'DD.MM.YY'), 1, 55 , 79, 37, 29)
Error report -
ORA-02290: kontrolní omezení (DOHALAMDA1.SYS_C00604288) porušeno

SQL> INSERT INTO ROZVRHOVA_AKCE (ID, CAS, DATUM, POCETHODIN, UCITEL_ID, KATEGORIE_ID, PREDMET_ID, POCETSTUDENTU) VALUES (ROZVRHOVA_AKCE_id_SEQ.nextval, TO_TIMESTAMP('9:8:21', 'HH24:MI:SS'), TO_DATE('21.4.21', 'DD.MM.YY'), NULL, 178 , 144, 59, 8);

Error starting at line : 20 in command -
INSERT INTO ROZVRHOVA_AKCE (ID, CAS, DATUM, POCETHODIN, UCITEL_ID, KATEGORIE_ID, PREDMET_ID, POCETSTUDENTU) VALUES (ROZVRHOVA_AKCE_id_SEQ.nextval, TO_TIMESTAMP('9:8:21', 'HH24:MI:SS'), TO_DATE('21.4.21', 'DD.MM.YY'), NULL, 178 , 144, 59, 8)
Error report -
ORA-01400: do ("DOHALAMDA1"."ROZVRHOVA_AKCE"."POCETHODIN") nelze vložit hodnotu NULL

SQL> INSERT INTO ROZVRHOVA_AKCE (ID, CAS, DATUM, POCETHODIN, UCITEL_ID, KATEGORIE_ID, PREDMET_ID, POCETSTUDENTU) VALUES (ROZVRHOVA_AKCE_id_SEQ.nextval, TO_TIMESTAMP('11:49:9', 'HH24:MI:SS'), TO_DATE('12.8.21', 'DD.MM.YY'), -1, 164 , 85, 74, 29);

Error starting at line : 21 in command -
INSERT INTO ROZVRHOVA_AKCE (ID, CAS, DATUM, POCETHODIN, UCITEL_ID, KATEGORIE_ID, PREDMET_ID, POCETSTUDENTU) VALUES (ROZVRHOVA_AKCE_id_SEQ.nextval, TO_TIMESTAMP('11:49:9', 'HH24:MI:SS'), TO_DATE('12.8.21', 'DD.MM.YY'), -1, 164 , 85, 74, 29)
Error report -
ORA-02290: kontrolní omezení (DOHALAMDA1.SYS_C00604266) porušeno

SQL> INSERT INTO ROZVRHOVA_AKCE (ID, CAS, DATUM, POCETHODIN, UCITEL_ID, KATEGORIE_ID, PREDMET_ID, POCETSTUDENTU) VALUES (ROZVRHOVA_AKCE_id_SEQ.nextval, TO_TIMESTAMP('7:54:33', 'HH24:MI:SS'), TO_DATE('27.3.21', 'DD.MM.YY'), 1, 50 , 14, 77, NULL);

Error starting at line : 22 in command -
INSERT INTO ROZVRHOVA_AKCE (ID, CAS, DATUM, POCETHODIN, UCITEL_ID, KATEGORIE_ID, PREDMET_ID, POCETSTUDENTU) VALUES (ROZVRHOVA_AKCE_id_SEQ.nextval, TO_TIMESTAMP('7:54:33', 'HH24:MI:SS'), TO_DATE('27.3.21', 'DD.MM.YY'), 1, 50 , 14, 77, NULL)
Error report -
ORA-01400: do ("DOHALAMDA1"."ROZVRHOVA_AKCE"."POCETSTUDENTU") nelze vložit hodnotu NULL

SQL> INSERT INTO ROZVRHOVA_AKCE (ID, CAS, DATUM, POCETHODIN, UCITEL_ID, KATEGORIE_ID, PREDMET_ID, POCETSTUDENTU) VALUES (ROZVRHOVA_AKCE_id_SEQ.nextval, TO_TIMESTAMP('16:1:50', 'HH24:MI:SS'), TO_DATE('18.3.21', 'DD.MM.YY'), 1, 25 , 174, 54, -1);

Error starting at line : 23 in command -
INSERT INTO ROZVRHOVA_AKCE (ID, CAS, DATUM, POCETHODIN, UCITEL_ID, KATEGORIE_ID, PREDMET_ID, POCETSTUDENTU) VALUES (ROZVRHOVA_AKCE_id_SEQ.nextval, TO_TIMESTAMP('16:1:50', 'HH24:MI:SS'), TO_DATE('18.3.21', 'DD.MM.YY'), 1, 25 , 174, 54, -1)
Error report -
ORA-02290: kontrolní omezení (DOHALAMDA1.SYS_C00604267) porušeno

SQL> 
SQL> -- Porušení triviálních integritiních omezení tabulky PREDMET
SQL> INSERT INTO PREDMET (ID, NAZEV, POPIS, POZADAVKY, ZPUSOBZAKONCENI) VALUES (1, 'K7', NULL, 'wfl', 'Zápoèet');

Error starting at line : 26 in command -
INSERT INTO PREDMET (ID, NAZEV, POPIS, POZADAVKY, ZPUSOBZAKONCENI) VALUES (1, 'K7', NULL, 'wfl', 'Zápoèet')
Error report -
ORA-00001: nesplnìna podmínka jedineènosti (DOHALAMDA1.PREDMET_PK)

SQL> INSERT INTO PREDMET (ID, NAZEV, POPIS, POZADAVKY, ZPUSOBZAKONCENI) VALUES (PREDMET_id_SEQ.nextval, NULL, 'GO8YXVfGwm6rs5rPZBO0w2qFSvVRVYGK5op5XIDRC563upLbm9RxJ8H3aPmvK27WQvPaZRDtIm3XIoCzhZmI2qV0ifa6aLqlj0OqKatYgo17Q', 'scdsn7H5oXHBfYeA3', 'Zápoèet');

Error starting at line : 27 in command -
INSERT INTO PREDMET (ID, NAZEV, POPIS, POZADAVKY, ZPUSOBZAKONCENI) VALUES (PREDMET_id_SEQ.nextval, NULL, 'GO8YXVfGwm6rs5rPZBO0w2qFSvVRVYGK5op5XIDRC563upLbm9RxJ8H3aPmvK27WQvPaZRDtIm3XIoCzhZmI2qV0ifa6aLqlj0OqKatYgo17Q', 'scdsn7H5oXHBfYeA3', 'Zápoèet')
Error report -
ORA-01400: do ("DOHALAMDA1"."PREDMET"."NAZEV") nelze vložit hodnotu NULL

SQL> INSERT INTO PREDMET (ID, NAZEV, POPIS, POZADAVKY, ZPUSOBZAKONCENI) VALUES (PREDMET_id_SEQ.nextval, 'rnCW4D', NULL, NULL, 'Zkouška');

Error starting at line : 28 in command -
INSERT INTO PREDMET (ID, NAZEV, POPIS, POZADAVKY, ZPUSOBZAKONCENI) VALUES (PREDMET_id_SEQ.nextval, 'rnCW4D', NULL, NULL, 'Zkouška')
Error report -
ORA-01400: do ("DOHALAMDA1"."PREDMET"."POZADAVKY") nelze vložit hodnotu NULL

SQL> INSERT INTO PREDMET (ID, NAZEV, POPIS, POZADAVKY, ZPUSOBZAKONCENI) VALUES (PREDMET_id_SEQ.nextval, 'k0ACam0T0', 'evac', 'qSdMBlNGWzQQx4xwPURGu9hk', NULL);

Error starting at line : 29 in command -
INSERT INTO PREDMET (ID, NAZEV, POPIS, POZADAVKY, ZPUSOBZAKONCENI) VALUES (PREDMET_id_SEQ.nextval, 'k0ACam0T0', 'evac', 'qSdMBlNGWzQQx4xwPURGu9hk', NULL)
Error report -
ORA-01400: do ("DOHALAMDA1"."PREDMET"."ZPUSOBZAKONCENI") nelze vložit hodnotu NULL

SQL> INSERT INTO PREDMET (ID, NAZEV, POPIS, POZADAVKY, ZPUSOBZAKONCENI) VALUES (PREDMET_id_SEQ.nextval, 'k0ACam0T0', 'evac', 'qSdMBlNGWzQQx4xwPURGu9hk', 'Za docházku');

Error starting at line : 30 in command -
INSERT INTO PREDMET (ID, NAZEV, POPIS, POZADAVKY, ZPUSOBZAKONCENI) VALUES (PREDMET_id_SEQ.nextval, 'k0ACam0T0', 'evac', 'qSdMBlNGWzQQx4xwPURGu9hk', 'Za docházku')
Error report -
ORA-02290: kontrolní omezení (DOHALAMDA1.SYS_C00604287) porušeno

SQL> 
SQL> -- Porušení triviálních integritiních omezení tabulky UCEBNA
SQL> INSERT INTO UCEBNA (ID, KAPACITA, NAZEV, BUDOVA, LABORATOR) VALUES (1, 5, 'ni5hzONVl', 'OribTQpxM', 1);

Error starting at line : 33 in command -
INSERT INTO UCEBNA (ID, KAPACITA, NAZEV, BUDOVA, LABORATOR) VALUES (1, 5, 'ni5hzONVl', 'OribTQpxM', 1)
Error report -
ORA-00001: nesplnìna podmínka jedineènosti (DOHALAMDA1.UCEBNA_PK)

SQL> INSERT INTO UCEBNA (ID, KAPACITA, NAZEV, BUDOVA, LABORATOR) VALUES (UCEBNA_id_SEQ.nextval, 32, NULL, 'Y2EiaY', 1);

Error starting at line : 34 in command -
INSERT INTO UCEBNA (ID, KAPACITA, NAZEV, BUDOVA, LABORATOR) VALUES (UCEBNA_id_SEQ.nextval, 32, NULL, 'Y2EiaY', 1)
Error report -
ORA-01400: do ("DOHALAMDA1"."UCEBNA"."NAZEV") nelze vložit hodnotu NULL

SQL> INSERT INTO UCEBNA (ID, KAPACITA, NAZEV, BUDOVA, LABORATOR) VALUES (UCEBNA_id_SEQ.nextval, 17, 'S4AEFK0k5T2x', NULL, 1);

Error starting at line : 35 in command -
INSERT INTO UCEBNA (ID, KAPACITA, NAZEV, BUDOVA, LABORATOR) VALUES (UCEBNA_id_SEQ.nextval, 17, 'S4AEFK0k5T2x', NULL, 1)
Error report -
ORA-01400: do ("DOHALAMDA1"."UCEBNA"."BUDOVA") nelze vložit hodnotu NULL

SQL> INSERT INTO UCEBNA (ID, KAPACITA, NAZEV, BUDOVA, LABORATOR) VALUES (UCEBNA_id_SEQ.nextval, NULL, '2BON1J1f', 'VhBO8kfN8ZQqF', 1);

Error starting at line : 36 in command -
INSERT INTO UCEBNA (ID, KAPACITA, NAZEV, BUDOVA, LABORATOR) VALUES (UCEBNA_id_SEQ.nextval, NULL, '2BON1J1f', 'VhBO8kfN8ZQqF', 1)
Error report -
ORA-01400: do ("DOHALAMDA1"."UCEBNA"."KAPACITA") nelze vložit hodnotu NULL

SQL> INSERT INTO UCEBNA (ID, KAPACITA, NAZEV, BUDOVA, LABORATOR) VALUES (UCEBNA_id_SEQ.nextval, -1, '8zWtpCzHyyvWCy', 'zOEvCvlXgt4qg', 1);

Error starting at line : 37 in command -
INSERT INTO UCEBNA (ID, KAPACITA, NAZEV, BUDOVA, LABORATOR) VALUES (UCEBNA_id_SEQ.nextval, -1, '8zWtpCzHyyvWCy', 'zOEvCvlXgt4qg', 1)
Error report -
ORA-02290: kontrolní omezení (DOHALAMDA1.SYS_C00604273) porušeno

SQL> 
SQL> -- Porušení netriviálních integritiních omezení tabulky REL_RA_UCEBNA
SQL> INSERT INTO REL_RA_UCEBNA (ROZVRHOVA_AKCE_ID, UCEBNA_ID) VALUES (212, 35);
Poèet studentù je vìtší, než kapacita uèebny


Error starting at line : 40 in command -
INSERT INTO REL_RA_UCEBNA (ROZVRHOVA_AKCE_ID, UCEBNA_ID) VALUES (212, 35)
Error report -
ORA-20001: Poèet studentù je vìtší, než kapacita uèebny
ORA-06512: na "DOHALAMDA1.TRIGGER_KAPACITA_CHECK", line 22
ORA-04088: chyba bìhem provádìní triggeru 'DOHALAMDA1.TRIGGER_KAPACITA_CHECK'

SQL> INSERT INTO REL_RA_UCEBNA (ROZVRHOVA_AKCE_ID, UCEBNA_ID) VALUES (696, 32);
V uèebnì je již naplánovaná výuka v této dobì.


Error starting at line : 41 in command -
INSERT INTO REL_RA_UCEBNA (ROZVRHOVA_AKCE_ID, UCEBNA_ID) VALUES (696, 32)
Error report -
ORA-20001: V uèebnì je již naplánovaná výuka v této dobì.
ORA-06512: na "DOHALAMDA1.TRIGGER_CHECK_UCEBNA_AVAILABLE", line 26
ORA-04088: chyba bìhem provádìní triggeru 'DOHALAMDA1.TRIGGER_CHECK_UCEBNA_AVAILABLE'

SQL> 
SQL> -- Porušení netriviálních integritiních omezení tabulky ROZVRHOVA_AKCE
SQL> INSERT INTO ROZVRHOVA_AKCE (ID, CAS, DATUM, POCETHODIN, UCITEL_ID, KATEGORIE_ID, PREDMET_ID, POCETSTUDENTU) VALUES (ROZVRHOVA_AKCE_id_SEQ.nextval, TO_TIMESTAMP('8:15:46', 'HH24:MI:SS'), TO_DATE('10.1.21', 'DD.MM.YY'), 2, 101 , 111, 22, 12);

Error starting at line : 44 in command -
INSERT INTO ROZVRHOVA_AKCE (ID, CAS, DATUM, POCETHODIN, UCITEL_ID, KATEGORIE_ID, PREDMET_ID, POCETSTUDENTU) VALUES (ROZVRHOVA_AKCE_id_SEQ.nextval, TO_TIMESTAMP('8:15:46', 'HH24:MI:SS'), TO_DATE('10.1.21', 'DD.MM.YY'), 2, 101 , 111, 22, 12)
Error report -
ORA-20001: Neplatný datum rozvrhové akce, datum musí být v budoucnosti!
ORA-06512: na "DOHALAMDA1.TRIGGER_DATUM_AKCE_CHECK", line 4
ORA-04088: chyba bìhem provádìní triggeru 'DOHALAMDA1.TRIGGER_DATUM_AKCE_CHECK'

SQL> INSERT INTO ROZVRHOVA_AKCE (ID, CAS, DATUM, POCETHODIN, UCITEL_ID, KATEGORIE_ID, PREDMET_ID, POCETSTUDENTU) VALUES (ROZVRHOVA_AKCE_id_SEQ.nextval, TO_TIMESTAMP('11:15:21', 'HH24:MI:SS'), NULL, 2, 96 , 129, 34, 6);

Error starting at line : 45 in command -
INSERT INTO ROZVRHOVA_AKCE (ID, CAS, DATUM, POCETHODIN, UCITEL_ID, KATEGORIE_ID, PREDMET_ID, POCETSTUDENTU) VALUES (ROZVRHOVA_AKCE_id_SEQ.nextval, TO_TIMESTAMP('11:15:21', 'HH24:MI:SS'), NULL, 2, 96 , 129, 34, 6)
Error report -
ORA-01400: do ("DOHALAMDA1"."ROZVRHOVA_AKCE"."DATUM") nelze vložit hodnotu NULL

SQL> INSERT INTO ROZVRHOVA_AKCE (ID, CAS, DATUM, POCETHODIN, UCITEL_ID, KATEGORIE_ID, PREDMET_ID, POCETSTUDENTU) VALUES (ROZVRHOVA_AKCE_id_SEQ.nextval, TO_TIMESTAMP('11:22:50', 'HH24:MI:SS'), TO_DATE('15.3.20', 'DD.MM.YY'), 2, 66 , 155, 58, 23);

Error starting at line : 46 in command -
INSERT INTO ROZVRHOVA_AKCE (ID, CAS, DATUM, POCETHODIN, UCITEL_ID, KATEGORIE_ID, PREDMET_ID, POCETSTUDENTU) VALUES (ROZVRHOVA_AKCE_id_SEQ.nextval, TO_TIMESTAMP('11:22:50', 'HH24:MI:SS'), TO_DATE('15.3.20', 'DD.MM.YY'), 2, 66 , 155, 58, 23)
Error report -
ORA-20001: Neplatný datum rozvrhové akce, datum musí být v budoucnosti!
ORA-06512: na "DOHALAMDA1.TRIGGER_DATUM_AKCE_CHECK", line 4
ORA-04088: chyba bìhem provádìní triggeru 'DOHALAMDA1.TRIGGER_DATUM_AKCE_CHECK'

